<?xml version="1.0" encoding="utf-8"?><testsuites name="pytest tests"><testsuite name="pytest" errors="0" failures="0" skipped="0" tests="5" time="0.957" timestamp="2025-10-25T11:30:29.044423+00:00" hostname="MacBook-Air-Merej-2.local"><testcase classname="backend.tests.test_auth" name="test_register_login_logout" time="0.539" /><testcase classname="backend.tests.test_auth" name="test_register_and_verify_email" time="0.079" /><testcase classname="backend.tests.test_models" name="test_create_user_and_profile" time="0.002" /><testcase classname="backend.tests.test_models" name="test_mission_and_location_models" time="0.002" /><testcase classname="backend.tests.test_signals" name="test_profile_created_on_user_creation" time="0.003" /></testsuite></testsuites>